<?xml version="1.0" encoding="UTF-8"?>
<testsuites>
    <testsuite name="login-at-the-system;testdechat6a1-is-an-user" tests="2" failures="0" skipped="0">
        <properties>
            <property name="URI" value="C:/Users/Cristian/Desktop/master/dechat_es6a1/features/login_existing_user.feature">
            </property>
        </properties>
        <testcase name="Given &quot;testdechat6a1&quot; with password &quot;Dechat_es6a1&quot;" classname="login-at-the-system;testdechat6a1-is-an-user" time="14.507101878">
        </testcase>
        <testcase name="Then the login is success" classname="login-at-the-system;testdechat6a1-is-an-user" time="0.008008438">
        </testcase>
    </testsuite>
    <testsuite name="login-at-the-system;testdechat6a1-is-an-user" tests="2" failures="0" skipped="0">
        <properties>
            <property name="URI" value="C:/Users/Cristian/Desktop/master/dechat_es6a1/features/login_existing_user.feature">
            </property>
        </properties>
        <testcase name="Given &quot;testdechat6a1&quot; with password &quot;hello&quot;" classname="login-at-the-system;testdechat6a1-is-an-user" time="14.409806084">
        </testcase>
        <testcase name="Then the login is success" classname="login-at-the-system;testdechat6a1-is-an-user" time="0.008464778">
        </testcase>
    </testsuite>
    <testsuite name="logout-at-the-system;testdechat6a1-is-an-user" tests="2" failures="0" skipped="0">
        <properties>
            <property name="URI" value="C:/Users/Cristian/Desktop/master/dechat_es6a1/features/logout_existing_user.feature">
            </property>
        </properties>
        <testcase name="Given &quot;testdechat6a1&quot; with password &quot;Dechat_es6a1&quot;, the user make login and log out" classname="logout-at-the-system;testdechat6a1-is-an-user" time="14.358983469">
        </testcase>
        <testcase name="Then the chat is shown" classname="logout-at-the-system;testdechat6a1-is-an-user" time="0.501293817">
        </testcase>
    </testsuite>
</testsuites>